[zillow:zhvi] trying https://files.zillowstatic.com/research/public_csvs/zhvi/Metro_zhvi_uc_sfrcondo_tier_0.33_0.67_sm_sa_month.csv
[zillow:zori] trying https://files.zillowstatic.com/research/public_csvs/zori/Metro_zori_uc_sfrcondomfr_sm_sa_month.csv
[gazetteer] https://www2.census.gov/geo/docs/maps-data/data/gazetteer/2023_Gazetteer/2023_Gaz_cbsa_national.zip
[gazetteer] 935 CBSA coordinates
[done] 242 metros -> /home/runner/work/atlas-engine/atlas-engine/data/metros_live.csv (values 2026-08-31, rents 2026-08-31, growth vs 2021-08-31)
[census] ACS 2023 profile
Traceback (most recent call last):
  File "/home/runner/work/atlas-engine/atlas-engine/pipelines/context.py", line 118, in <module>
    main()
  File "/home/runner/work/atlas-engine/atlas-engine/pipelines/context.py", line 74, in main
    cur = _index(_get(2023, now_fields), now_fields)
                 ^^^^^^^^^^^^^^^^^^^^^^
  File "/home/runner/work/atlas-engine/atlas-engine/pipelines/context.py", line 42, in _get
    r.raise_for_status()
  File "/opt/hostedtoolcache/Python/3.12.14/x64/lib/python3.12/site-packages/requests/models.py", line 1167, in raise_for_status
    raise HTTPError(http_error_msg, response=self)
requests.exceptions.HTTPError: 500 Server Error:  for url: https://api.census.gov/data/2023/acs/acs5/profile?get=NAME,DP05_0001E,DP03_0062E,DP03_0033PE,DP03_0034PE,DP03_0035PE,DP03_0036PE,DP03_0037PE,DP03_0038PE,DP03_0039PE,DP03_0040PE,DP03_0041PE,DP03_0042PE,DP03_0043PE,DP03_0044PE,DP03_0045PE&for=metropolitan%20statistical%20area/micropolitan%20statistical%20area:*&key=a7f536a7dce1807076bd739354bc93e69d0e0fad
[listings] scanning 21 metros (10 daily + 11 rotation of 232, cycle 21d)
[listings] Florence: 454 active, 5 flagged
[listings] Charleston: 265 active, 5 flagged
[listings] Montgomery: 1000 active, 5 flagged
[listings] Mobile: 1000 active, 5 flagged
[listings] Jackson: 543 active, 5 flagged
[listings] Macon: 1000 active, 5 flagged
[listings] Columbus: 668 active, 5 flagged
[listings] Jackson: 678 active, 5 flagged
[listings] Terre Haute: 345 active, 5 flagged
[listings] Huntington: 217 active, 5 flagged
[listings] Shreveport: 1000 active, 5 flagged
[listings] Jacksonville: 605 active, 5 flagged
[listings] St. Louis: 1 active, 0 flagged
[listings] Pensacola: 1000 active, 5 flagged
[listings] Hagerstown: 465 active, 5 flagged
[listings] Omaha: 1000 active, 5 flagged
[listings] Bakersfield: 1000 active, 5 flagged
[listings] Durham: 1000 active, 5 flagged
[listings] Boston: 1000 active, 5 flagged
[listings] Boulder: 783 active, 5 flagged
[listings] Santa Rosa: 632 active, 5 flagged
[why] narratives: 1229 cached, 51 written this run
[assume] superstar flags: 0 (dormant — no lien-data key; seller/agent confirmations only)
[listings] flagged 100 Star Opportunities across 218 metros -> /home/runner/work/atlas-engine/atlas-engine/data/star_opportunities.json
[listings] API calls this run: 36 (budget 70) — monthly pace ≈ 1,080
[assumable] AL 2019: HTTP 503: <!doctype html>
<html lang="en">
  <head>
    <meta charset="utf-8" />
    <meta
      name="viewport"
      content="wi
[assumable] AL 2019: HTTP 503: <!doctype html>
<html lang="en">
  <head>
    <meta charset="utf-8" />
    <meta
      name="viewport"
      content="wi
[assumable] AL 2020: HTTP 503: <!doctype html>
<html lang="en">
  <head>
    <meta charset="utf-8" />
    <meta
      name="viewport"
      content="wi
[assumable] AL 2020: HTTP 503: <!doctype html>
<html lang="en">
  <head>
    <meta charset="utf-8" />
    <meta
      name="viewport"
      content="wi
[assumable] AL 2021: HTTP 503: <!doctype html>
<html lang="en">
  <head>
    <meta charset="utf-8" />
    <meta
      name="viewport"
      content="wi
[assumable] AL 2021: HTTP 503: <!doctype html>
<html lang="en">
  <head>
    <meta charset="utf-8" />
    <meta
      name="viewport"
      content="wi
[assumable] AL: no data — skipped
[assumable] AK 2019: HTTP 503: <!doctype html>
<html lang="en">
  <head>
    <meta charset="utf-8" />
    <meta
      name="viewport"
      content="wi
[assumable] AK 2019: HTTP 503: <!doctype html>
<html lang="en">
  <head>
    <meta charset="utf-8" />
    <meta
      name="viewport"
      content="wi
[assumable] AK 2020: HTTP 503: <!doctype html>
<html lang="en">
  <head>
    <meta charset="utf-8" />
    <meta
      name="viewport"
      content="wi
[assumable] AK 2020: HTTP 503: <!doctype html>
<html lang="en">
  <head>
    <meta charset="utf-8" />
    <meta
      name="viewport"
      content="wi
[assumable] AK 2021: HTTP 503: <!doctype html>
<html lang="en">
  <head>
    <meta charset="utf-8" />
    <meta
      name="viewport"
      content="wi
[assumable] AK 2021: HTTP 503: <!doctype html>
<html lang="en">
  <head>
    <meta charset="utf-8" />
    <meta
      name="viewport"
      content="wi
[assumable] AK: no data — skipped
[assumable] AZ 2019: HTTP 503: <!doctype html>
<html lang="en">
  <head>
    <meta charset="utf-8" />
    <meta
      name="viewport"
      content="wi
[assumable] AZ 2019: HTTP 503: <!doctype html>
<html lang="en">
  <head>
    <meta charset="utf-8" />
    <meta
      name="viewport"
      content="wi
[assumable] AZ 2020: HTTP 503: <!doctype html>
<html lang="en">
  <head>
    <meta charset="utf-8" />
    <meta
      name="viewport"
      content="wi
[assumable] AZ 2020: HTTP 503: <!doctype html>
<html lang="en">
  <head>
    <meta charset="utf-8" />
    <meta
      name="viewport"
      content="wi
[assumable] AZ 2021: HTTP 503: <!doctype html>
<html lang="en">
  <head>
    <meta charset="utf-8" />
    <meta
      name="viewport"
      content="wi
[assumable] AZ 2021: HTTP 503: <!doctype html>
<html lang="en">
  <head>
    <meta charset="utf-8" />
    <meta
      name="viewport"
      content="wi
[assumable] AZ: no data — skipped
[assumable] AR 2019: HTTP 503: <!doctype html>
<html lang="en">
  <head>
    <meta charset="utf-8" />
    <meta
      name="viewport"
      content="wi
[assumable] AR 2019: HTTP 503: <!doctype html>
<html lang="en">
  <head>
    <meta charset="utf-8" />
    <meta
      name="viewport"
      content="wi
[assumable] AR 2020: HTTP 503: <!doctype html>
<html lang="en">
  <head>
    <meta charset="utf-8" />
    <meta
      name="viewport"
      content="wi
[assumable] AR 2020: HTTP 503: <!doctype html>
<html lang="en">
  <head>
    <meta charset="utf-8" />
    <meta
      name="viewport"
      content="wi
[assumable] AR 2021: HTTP 503: <!doctype html>
<html lang="en">
  <head>
    <meta charset="utf-8" />
    <meta
      name="viewport"
      content="wi
[assumable] AR 2021: HTTP 503: <!doctype html>
<html lang="en">
  <head>
    <meta charset="utf-8" />
    <meta
      name="viewport"
      content="wi
[assumable] AR: no data — skipped
[assumable] CA 2019: HTTP 503: <!doctype html>
<html lang="en">
  <head>
    <meta charset="utf-8" />
    <meta
      name="viewport"
      content="wi
[assumable] CA 2019: HTTP 503: <!doctype html>
<html lang="en">
  <head>
    <meta charset="utf-8" />
    <meta
      name="viewport"
      content="wi
[assumable] CA 2020: HTTP 503: <!doctype html>
<html lang="en">
  <head>
    <meta charset="utf-8" />
    <meta
      name="viewport"
      content="wi
[assumable] CA 2020: HTTP 503: <!doctype html>
<html lang="en">
  <head>
    <meta charset="utf-8" />
    <meta
      name="viewport"
      content="wi
[assumable] CA 2021: HTTP 503: <!doctype html>
<html lang="en">
  <head>
    <meta charset="utf-8" />
    <meta
      name="viewport"
      content="wi
[assumable] CA 2021: HTTP 503: <!doctype html>
<html lang="en">
  <head>
    <meta charset="utf-8" />
    <meta
      name="viewport"
      content="wi
[assumable] CA: no data — skipped
[assumable] CO 2019: HTTP 503: <!doctype html>
<html lang="en">
  <head>
    <meta charset="utf-8" />
    <meta
      name="viewport"
      content="wi
[assumable] CO 2019: HTTP 503: <!doctype html>
<html lang="en">
  <head>
    <meta charset="utf-8" />
    <meta
      name="viewport"
      content="wi
[assumable] CO 2020: HTTP 503: <!doctype html>
<html lang="en">
  <head>
    <meta charset="utf-8" />
    <meta
      name="viewport"
      content="wi
[assumable] CO 2020: HTTP 503: <!doctype html>
<html lang="en">
  <head>
    <meta charset="utf-8" />
    <meta
      name="viewport"
      content="wi
[assumable] CO 2021: HTTP 503: <!doctype html>
<html lang="en">
  <head>
    <meta charset="utf-8" />
    <meta
      name="viewport"
      content="wi
[assumable] CO 2021: HTTP 503: <!doctype html>
<html lang="en">
  <head>
    <meta charset="utf-8" />
    <meta
      name="viewport"
      content="wi
[assumable] CO: no data — skipped
[assumable] CT 2019: HTTP 503: <!doctype html>
<html lang="en">
  <head>
    <meta charset="utf-8" />
    <meta
      name="viewport"
      content="wi
[assumable] CT 2019: HTTP 503: <!doctype html>
<html lang="en">
  <head>
    <meta charset="utf-8" />
    <meta
      name="viewport"
      content="wi
[assumable] CT 2020: HTTP 503: <!doctype html>
<html lang="en">
  <head>
    <meta charset="utf-8" />
    <meta
      name="viewport"
      content="wi
[assumable] CT 2020: HTTP 503: <!doctype html>
<html lang="en">
  <head>
    <meta charset="utf-8" />
    <meta
      name="viewport"
      content="wi
[assumable] CT 2021: HTTP 503: <!doctype html>
<html lang="en">
  <head>
    <meta charset="utf-8" />
    <meta
      name="viewport"
      content="wi
[assumable] CT 2021: HTTP 503: <!doctype html>
<html lang="en">
  <head>
    <meta charset="utf-8" />
    <meta
      name="viewport"
      content="wi
[assumable] CT: no data — skipped
[assumable] DE 2019: HTTP 503: <!doctype html>
<html lang="en">
  <head>
    <meta charset="utf-8" />
    <meta
      name="viewport"
      content="wi
[assumable] DE 2019: HTTP 503: <!doctype html>
<html lang="en">
  <head>
    <meta charset="utf-8" />
    <meta
      name="viewport"
      content="wi
[assumable] DE 2020: HTTP 503: <!doctype html>
<html lang="en">
  <head>
    <meta charset="utf-8" />
    <meta
      name="viewport"
      content="wi
[assumable] DE 2020: HTTP 503: <!doctype html>
<html lang="en">
  <head>
    <meta charset="utf-8" />
    <meta
      name="viewport"
      content="wi
[assumable] DE 2021: HTTP 503: <!doctype html>
<html lang="en">
  <head>
    <meta charset="utf-8" />
    <meta
      name="viewport"
      content="wi
[assumable] DE 2021: HTTP 503: <!doctype html>
<html lang="en">
  <head>
    <meta charset="utf-8" />
    <meta
      name="viewport"
      content="wi
[assumable] DE: no data — skipped
[assumable] FL 2019: HTTP 503: <!doctype html>
<html lang="en">
  <head>
    <meta charset="utf-8" />
    <meta
      name="viewport"
      content="wi
[assumable] FL 2019: HTTP 503: <!doctype html>
<html lang="en">
  <head>
    <meta charset="utf-8" />
    <meta
      name="viewport"
      content="wi
[assumable] FL 2020: HTTP 503: <!doctype html>
<html lang="en">
  <head>
    <meta charset="utf-8" />
    <meta
      name="viewport"
      content="wi
[assumable] FL 2020: HTTP 503: <!doctype html>
<html lang="en">
  <head>
    <meta charset="utf-8" />
    <meta
      name="viewport"
      content="wi
[assumable] FL 2021: HTTP 503: <!doctype html>
<html lang="en">
  <head>
    <meta charset="utf-8" />
    <meta
      name="viewport"
      content="wi
[assumable] FL 2021: HTTP 503: <!doctype html>
<html lang="en">
  <head>
    <meta charset="utf-8" />
    <meta
      name="viewport"
      content="wi
[assumable] FL: no data — skipped
[assumable] GA 2019: HTTP 503: <!doctype html>
<html lang="en">
  <head>
    <meta charset="utf-8" />
    <meta
      name="viewport"
      content="wi
[assumable] GA 2019: HTTP 503: <!doctype html>
<html lang="en">
  <head>
    <meta charset="utf-8" />
    <meta
      name="viewport"
      content="wi
[assumable] GA 2020: HTTP 503: <!doctype html>
<html lang="en">
  <head>
    <meta charset="utf-8" />
    <meta
      name="viewport"
      content="wi
[assumable] GA 2020: HTTP 503: <!doctype html>
<html lang="en">
  <head>
    <meta charset="utf-8" />
    <meta
      name="viewport"
      content="wi
[assumable] GA 2021: HTTP 503: <!doctype html>
<html lang="en">
  <head>
    <meta charset="utf-8" />
    <meta
      name="viewport"
      content="wi
[assumable] GA 2021: HTTP 503: <!doctype html>
<html lang="en">
  <head>
    <meta charset="utf-8" />
    <meta
      name="viewport"
      content="wi
[assumable] GA: no data — skipped
[assumable] HI 2019: HTTP 503: <!doctype html>
<html lang="en">
  <head>
    <meta charset="utf-8" />
    <meta
      name="viewport"
      content="wi
[assumable] HI 2019: HTTP 503: <!doctype html>
<html lang="en">
  <head>
    <meta charset="utf-8" />
    <meta
      name="viewport"
      content="wi
[assumable] HI 2020: HTTP 503: <!doctype html>
<html lang="en">
  <head>
    <meta charset="utf-8" />
    <meta
      name="viewport"
      content="wi
[assumable] HI 2020: HTTP 503: <!doctype html>
<html lang="en">
  <head>
    <meta charset="utf-8" />
    <meta
      name="viewport"
      content="wi
[assumable] HI 2021: HTTP 503: <!doctype html>
<html lang="en">
  <head>
    <meta charset="utf-8" />
    <meta
      name="viewport"
      content="wi
[assumable] HI 2021: HTTP 503: <!doctype html>
<html lang="en">
  <head>
    <meta charset="utf-8" />
    <meta
      name="viewport"
      content="wi
[assumable] HI: no data — skipped
[assumable] ID 2019: HTTP 503: <!doctype html>
<html lang="en">
  <head>
    <meta charset="utf-8" />
    <meta
      name="viewport"
      content="wi
[assumable] ID 2019: HTTP 503: <!doctype html>
<html lang="en">
  <head>
    <meta charset="utf-8" />
    <meta
      name="viewport"
      content="wi
[assumable] ID 2020: HTTP 503: <!doctype html>
<html lang="en">
  <head>
    <meta charset="utf-8" />
    <meta
      name="viewport"
      content="wi
[assumable] ID 2020: HTTP 503: <!doctype html>
<html lang="en">
  <head>
    <meta charset="utf-8" />
    <meta
      name="viewport"
      content="wi
[assumable] ID 2021: HTTP 503: <!doctype html>
<html lang="en">
  <head>
    <meta charset="utf-8" />
    <meta
      name="viewport"
      content="wi
[assumable] ID 2021: HTTP 503: <!doctype html>
<html lang="en">
  <head>
    <meta charset="utf-8" />
    <meta
      name="viewport"
      content="wi
[assumable] ID: no data — skipped
[assumable] IL 2019: HTTP 503: <!doctype html>
<html lang="en">
  <head>
    <meta charset="utf-8" />
    <meta
      name="viewport"
      content="wi
[assumable] IL 2019: HTTP 503: <!doctype html>
<html lang="en">
  <head>
    <meta charset="utf-8" />
    <meta
      name="viewport"
      content="wi
[assumable] IL 2020: HTTP 503: <!doctype html>
<html lang="en">
  <head>
    <meta charset="utf-8" />
    <meta
      name="viewport"
      content="wi
[assumable] IL 2020: HTTP 503: <!doctype html>
<html lang="en">
  <head>
    <meta charset="utf-8" />
    <meta
      name="viewport"
      content="wi
[assumable] IL 2021: HTTP 503: <!doctype html>
<html lang="en">
  <head>
    <meta charset="utf-8" />
    <meta
      name="viewport"
      content="wi
[assumable] IL 2021: HTTP 503: <!doctype html>
<html lang="en">
  <head>
    <meta charset="utf-8" />
    <meta
      name="viewport"
      content="wi
[assumable] IL: no data — skipped
[assumable] IN 2019: HTTP 503: <!doctype html>
<html lang="en">
  <head>
    <meta charset="utf-8" />
    <meta
      name="viewport"
      content="wi
[assumable] IN 2019: HTTP 503: <!doctype html>
<html lang="en">
  <head>
    <meta charset="utf-8" />
    <meta
      name="viewport"
      content="wi
[assumable] IN 2020: HTTP 503: <!doctype html>
<html lang="en">
  <head>
    <meta charset="utf-8" />
    <meta
      name="viewport"
      content="wi
[assumable] IN 2020: HTTP 503: <!doctype html>
<html lang="en">
  <head>
    <meta charset="utf-8" />
    <meta
      name="viewport"
      content="wi
[assumable] IN 2021: HTTP 503: <!doctype html>
<html lang="en">
  <head>
    <meta charset="utf-8" />
    <meta
      name="viewport"
      content="wi
[assumable] IN 2021: HTTP 503: <!doctype html>
<html lang="en">
  <head>
    <meta charset="utf-8" />
    <meta
      name="viewport"
      content="wi
[assumable] IN: no data — skipped
[assumable] IA 2019: HTTP 503: <!doctype html>
<html lang="en">
  <head>
    <meta charset="utf-8" />
    <meta
      name="viewport"
      content="wi
[assumable] IA 2019: HTTP 503: <!doctype html>
<html lang="en">
  <head>
    <meta charset="utf-8" />
    <meta
      name="viewport"
      content="wi
[assumable] IA 2020: HTTP 503: <!doctype html>
<html lang="en">
  <head>
    <meta charset="utf-8" />
    <meta
      name="viewport"
      content="wi
[assumable] IA 2020: HTTP 503: <!doctype html>
<html lang="en">
  <head>
    <meta charset="utf-8" />
    <meta
      name="viewport"
      content="wi
[assumable] IA 2021: HTTP 503: <!doctype html>
<html lang="en">
  <head>
    <meta charset="utf-8" />
    <meta
      name="viewport"
      content="wi
[assumable] IA 2021: HTTP 503: <!doctype html>
<html lang="en">
  <head>
    <meta charset="utf-8" />
    <meta
      name="viewport"
      content="wi
[assumable] IA: no data — skipped
[assumable] KS 2019: HTTP 503: <!doctype html>
<html lang="en">
  <head>
    <meta charset="utf-8" />
    <meta
      name="viewport"
      content="wi
[assumable] KS 2019: HTTP 503: <!doctype html>
<html lang="en">
  <head>
    <meta charset="utf-8" />
    <meta
      name="viewport"
      content="wi
[assumable] KS 2020: HTTP 503: <!doctype html>
<html lang="en">
  <head>
    <meta charset="utf-8" />
    <meta
      name="viewport"
      content="wi
[assumable] KS 2020: HTTP 503: <!doctype html>
<html lang="en">
  <head>
    <meta charset="utf-8" />
    <meta
      name="viewport"
      content="wi
[assumable] KS 2021: HTTP 503: <!doctype html>
<html lang="en">
  <head>
    <meta charset="utf-8" />
    <meta
      name="viewport"
      content="wi
[assumable] KS 2021: HTTP 503: <!doctype html>
<html lang="en">
  <head>
    <meta charset="utf-8" />
    <meta
      name="viewport"
      content="wi
[assumable] KS: no data — skipped
[assumable] KY 2019: HTTP 503: <!doctype html>
<html lang="en">
  <head>
    <meta charset="utf-8" />
    <meta
      name="viewport"
      content="wi
[assumable] KY 2019: HTTP 503: <!doctype html>
<html lang="en">
  <head>
    <meta charset="utf-8" />
    <meta
      name="viewport"
      content="wi
[assumable] KY 2020: HTTP 503: <!doctype html>
<html lang="en">
  <head>
    <meta charset="utf-8" />
    <meta
      name="viewport"
      content="wi
[assumable] KY 2020: HTTP 503: <!doctype html>
<html lang="en">
  <head>
    <meta charset="utf-8" />
    <meta
      name="viewport"
      content="wi
[assumable] KY 2021: HTTP 503: <!doctype html>
<html lang="en">
  <head>
    <meta charset="utf-8" />
    <meta
      name="viewport"
      content="wi
[assumable] KY 2021: HTTP 503: <!doctype html>
<html lang="en">
  <head>
    <meta charset="utf-8" />
    <meta
      name="viewport"
      content="wi
[assumable] KY: no data — skipped
[assumable] LA 2019: HTTP 503: <!doctype html>
<html lang="en">
  <head>
    <meta charset="utf-8" />
    <meta
      name="viewport"
      content="wi
[assumable] LA 2019: HTTP 503: <!doctype html>
<html lang="en">
  <head>
    <meta charset="utf-8" />
    <meta
      name="viewport"
      content="wi
[assumable] LA 2020: HTTP 503: <!doctype html>
<html lang="en">
  <head>
    <meta charset="utf-8" />
    <meta
      name="viewport"
      content="wi
[assumable] LA 2020: HTTP 503: <!doctype html>
<html lang="en">
  <head>
    <meta charset="utf-8" />
    <meta
      name="viewport"
      content="wi
[assumable] LA 2021: HTTP 503: <!doctype html>
<html lang="en">
  <head>
    <meta charset="utf-8" />
    <meta
      name="viewport"
      content="wi
[assumable] LA 2021: HTTP 503: <!doctype html>
<html lang="en">
  <head>
    <meta charset="utf-8" />
    <meta
      name="viewport"
      content="wi
[assumable] LA: no data — skipped
[assumable] ME 2019: HTTP 503: <!doctype html>
<html lang="en">
  <head>
    <meta charset="utf-8" />
    <meta
      name="viewport"
      content="wi
[assumable] ME 2019: HTTP 503: <!doctype html>
<html lang="en">
  <head>
    <meta charset="utf-8" />
    <meta
      name="viewport"
      content="wi
[assumable] ME 2020: HTTP 503: <!doctype html>
<html lang="en">
  <head>
    <meta charset="utf-8" />
    <meta
      name="viewport"
      content="wi
[assumable] ME 2020: HTTP 503: <!doctype html>
<html lang="en">
  <head>
    <meta charset="utf-8" />
    <meta
      name="viewport"
      content="wi
[assumable] ME 2021: HTTP 503: <!doctype html>
<html lang="en">
  <head>
    <meta charset="utf-8" />
    <meta
      name="viewport"
      content="wi
[assumable] ME 2021: HTTP 503: <!doctype html>
<html lang="en">
  <head>
    <meta charset="utf-8" />
    <meta
      name="viewport"
      content="wi
[assumable] ME: no data — skipped
[assumable] MD 2019: HTTP 503: <!doctype html>
<html lang="en">
  <head>
    <meta charset="utf-8" />
    <meta
      name="viewport"
      content="wi
[assumable] MD 2019: HTTP 503: <!doctype html>
<html lang="en">
  <head>
    <meta charset="utf-8" />
    <meta
      name="viewport"
      content="wi
[assumable] MD 2020: HTTP 503: <!doctype html>
<html lang="en">
  <head>
    <meta charset="utf-8" />
    <meta
      name="viewport"
      content="wi
[assumable] MD 2020: HTTP 503: <!doctype html>
<html lang="en">
  <head>
    <meta charset="utf-8" />
    <meta
      name="viewport"
      content="wi
[assumable] MD 2021: HTTP 503: <!doctype html>
<html lang="en">
  <head>
    <meta charset="utf-8" />
    <meta
      name="viewport"
      content="wi
[assumable] MD 2021: HTTP 503: <!doctype html>
<html lang="en">
  <head>
    <meta charset="utf-8" />
    <meta
      name="viewport"
      content="wi
[assumable] MD: no data — skipped
[assumable] MA 2019: HTTP 503: <!doctype html>
<html lang="en">
  <head>
    <meta charset="utf-8" />
    <meta
      name="viewport"
      content="wi
[assumable] MA 2019: HTTP 503: <!doctype html>
<html lang="en">
  <head>
    <meta charset="utf-8" />
    <meta
      name="viewport"
      content="wi
[assumable] MA 2020: HTTP 503: <!doctype html>
<html lang="en">
  <head>
    <meta charset="utf-8" />
    <meta
      name="viewport"
      content="wi
[assumable] MA 2020: HTTP 503: <!doctype html>
<html lang="en">
  <head>
    <meta charset="utf-8" />
    <meta
      name="viewport"
      content="wi
[assumable] MA 2021: HTTP 503: <!doctype html>
<html lang="en">
  <head>
    <meta charset="utf-8" />
    <meta
      name="viewport"
      content="wi
[assumable] MA 2021: HTTP 503: <!doctype html>
<html lang="en">
  <head>
    <meta charset="utf-8" />
    <meta
      name="viewport"
      content="wi
[assumable] MA: no data — skipped
[assumable] MI 2019: HTTP 503: <!doctype html>
<html lang="en">
  <head>
    <meta charset="utf-8" />
    <meta
      name="viewport"
      content="wi
[assumable] MI 2019: HTTP 503: <!doctype html>
<html lang="en">
  <head>
    <meta charset="utf-8" />
    <meta
      name="viewport"
      content="wi
[assumable] MI 2020: HTTP 503: <!doctype html>
<html lang="en">
  <head>
    <meta charset="utf-8" />
    <meta
      name="viewport"
      content="wi
[assumable] MI 2020: HTTP 503: <!doctype html>
<html lang="en">
  <head>
    <meta charset="utf-8" />
    <meta
      name="viewport"
      content="wi
[assumable] MI 2021: HTTP 503: <!doctype html>
<html lang="en">
  <head>
    <meta charset="utf-8" />
    <meta
      name="viewport"
      content="wi
[assumable] MI 2021: HTTP 503: <!doctype html>
<html lang="en">
  <head>
    <meta charset="utf-8" />
    <meta
      name="viewport"
      content="wi
[assumable] MI: no data — skipped
[assumable] MN 2019: HTTP 503: <!doctype html>
<html lang="en">
  <head>
    <meta charset="utf-8" />
    <meta
      name="viewport"
      content="wi
[assumable] MN 2019: HTTP 503: <!doctype html>
<html lang="en">
  <head>
    <meta charset="utf-8" />
    <meta
      name="viewport"
      content="wi
[assumable] MN 2020: HTTP 503: <!doctype html>
<html lang="en">
  <head>
    <meta charset="utf-8" />
    <meta
      name="viewport"
      content="wi
[assumable] MN 2020: HTTP 503: <!doctype html>
<html lang="en">
  <head>
    <meta charset="utf-8" />
    <meta
      name="viewport"
      content="wi
[assumable] MN 2021: HTTP 503: <!doctype html>
<html lang="en">
  <head>
    <meta charset="utf-8" />
    <meta
      name="viewport"
      content="wi
[assumable] MN 2021: HTTP 503: <!doctype html>
<html lang="en">
  <head>
    <meta charset="utf-8" />
    <meta
      name="viewport"
      content="wi
[assumable] MN: no data — skipped
[assumable] MS 2019: HTTP 503: <!doctype html>
<html lang="en">
  <head>
    <meta charset="utf-8" />
    <meta
      name="viewport"
      content="wi
[assumable] MS 2019: HTTP 503: <!doctype html>
<html lang="en">
  <head>
    <meta charset="utf-8" />
    <meta
      name="viewport"
      content="wi
[assumable] MS 2020: HTTP 503: <!doctype html>
<html lang="en">
  <head>
    <meta charset="utf-8" />
    <meta
      name="viewport"
      content="wi
[assumable] MS 2020: HTTP 503: <!doctype html>
<html lang="en">
  <head>
    <meta charset="utf-8" />
    <meta
      name="viewport"
      content="wi
[assumable] MS 2021: HTTP 503: <!doctype html>
<html lang="en">
  <head>
    <meta charset="utf-8" />
    <meta
      name="viewport"
      content="wi
[assumable] MS 2021: HTTP 503: <!doctype html>
<html lang="en">
  <head>
    <meta charset="utf-8" />
    <meta
      name="viewport"
      content="wi
[assumable] MS: no data — skipped
[assumable] MO 2019: HTTP 503: <!doctype html>
<html lang="en">
  <head>
    <meta charset="utf-8" />
    <meta
      name="viewport"
      content="wi
[assumable] MO 2019: HTTP 503: <!doctype html>
<html lang="en">
  <head>
    <meta charset="utf-8" />
    <meta
      name="viewport"
      content="wi
[assumable] MO 2020: HTTP 503: <!doctype html>
<html lang="en">
  <head>
    <meta charset="utf-8" />
    <meta
      name="viewport"
      content="wi
[assumable] MO 2020: HTTP 503: <!doctype html>
<html lang="en">
  <head>
    <meta charset="utf-8" />
    <meta
      name="viewport"
      content="wi
[assumable] MO 2021: HTTP 503: <!doctype html>
<html lang="en">
  <head>
    <meta charset="utf-8" />
    <meta
      name="viewport"
      content="wi
[assumable] MO 2021: HTTP 503: <!doctype html>
<html lang="en">
  <head>
    <meta charset="utf-8" />
    <meta
      name="viewport"
      content="wi
[assumable] MO: no data — skipped
[assumable] MT 2019: HTTP 503: <!doctype html>
<html lang="en">
  <head>
    <meta charset="utf-8" />
    <meta
      name="viewport"
      content="wi
[assumable] MT 2019: HTTP 503: <!doctype html>
<html lang="en">
  <head>
    <meta charset="utf-8" />
    <meta
      name="viewport"
      content="wi
[assumable] MT 2020: HTTP 503: <!doctype html>
<html lang="en">
  <head>
    <meta charset="utf-8" />
    <meta
      name="viewport"
      content="wi
[assumable] MT 2020: HTTP 503: <!doctype html>
<html lang="en">
  <head>
    <meta charset="utf-8" />
    <meta
      name="viewport"
      content="wi
[assumable] MT 2021: HTTP 503: <!doctype html>
<html lang="en">
  <head>
    <meta charset="utf-8" />
    <meta
      name="viewport"
      content="wi
[assumable] MT 2021: HTTP 503: <!doctype html>
<html lang="en">
  <head>
    <meta charset="utf-8" />
    <meta
      name="viewport"
      content="wi
[assumable] MT: no data — skipped
[assumable] NE 2019: HTTP 503: <!doctype html>
<html lang="en">
  <head>
    <meta charset="utf-8" />
    <meta
      name="viewport"
      content="wi
[assumable] NE 2019: HTTP 503: <!doctype html>
<html lang="en">
  <head>
    <meta charset="utf-8" />
    <meta
      name="viewport"
      content="wi
[assumable] NE 2020: HTTP 503: <!doctype html>
<html lang="en">
  <head>
    <meta charset="utf-8" />
    <meta
      name="viewport"
      content="wi
[assumable] NE 2020: HTTP 503: <!doctype html>
<html lang="en">
  <head>
    <meta charset="utf-8" />
    <meta
      name="viewport"
      content="wi
[assumable] NE 2021: HTTP 503: <!doctype html>
<html lang="en">
  <head>
    <meta charset="utf-8" />
    <meta
      name="viewport"
      content="wi
[assumable] NE 2021: HTTP 503: <!doctype html>
<html lang="en">
  <head>
    <meta charset="utf-8" />
    <meta
      name="viewport"
      content="wi
[assumable] NE: no data — skipped
[assumable] NV 2019: HTTP 503: <!doctype html>
<html lang="en">
  <head>
    <meta charset="utf-8" />
    <meta
      name="viewport"
      content="wi
[assumable] NV 2019: HTTP 503: <!doctype html>
<html lang="en">
  <head>
    <meta charset="utf-8" />
    <meta
      name="viewport"
      content="wi
[assumable] NV 2020: HTTP 503: <!doctype html>
<html lang="en">
  <head>
    <meta charset="utf-8" />
    <meta
      name="viewport"
      content="wi
[assumable] NV 2020: HTTP 503: <!doctype html>
<html lang="en">
  <head>
    <meta charset="utf-8" />
    <meta
      name="viewport"
      content="wi
[assumable] NV 2021: HTTP 503: <!doctype html>
<html lang="en">
  <head>
    <meta charset="utf-8" />
    <meta
      name="viewport"
      content="wi
[assumable] NV 2021: HTTP 503: <!doctype html>
<html lang="en">
  <head>
    <meta charset="utf-8" />
    <meta
      name="viewport"
      content="wi
[assumable] NV: no data — skipped
[assumable] NH 2019: HTTP 503: <!doctype html>
<html lang="en">
  <head>
    <meta charset="utf-8" />
    <meta
      name="viewport"
      content="wi
[assumable] NH 2019: HTTP 503: <!doctype html>
<html lang="en">
  <head>
    <meta charset="utf-8" />
    <meta
      name="viewport"
      content="wi
[assumable] NH 2020: HTTP 503: <!doctype html>
<html lang="en">
  <head>
    <meta charset="utf-8" />
    <meta
      name="viewport"
      content="wi
[assumable] NH 2020: HTTP 503: <!doctype html>
<html lang="en">
  <head>
    <meta charset="utf-8" />
    <meta
      name="viewport"
      content="wi
[assumable] NH 2021: HTTP 503: <!doctype html>
<html lang="en">
  <head>
    <meta charset="utf-8" />
    <meta
      name="viewport"
      content="wi
[assumable] NH 2021: HTTP 503: <!doctype html>
<html lang="en">
  <head>
    <meta charset="utf-8" />
    <meta
      name="viewport"
      content="wi
[assumable] NH: no data — skipped
[assumable] NJ 2019: HTTP 503: <!doctype html>
<html lang="en">
  <head>
    <meta charset="utf-8" />
    <meta
      name="viewport"
      content="wi
[assumable] NJ 2019: HTTP 503: <!doctype html>
<html lang="en">
  <head>
    <meta charset="utf-8" />
    <meta
      name="viewport"
      content="wi
[assumable] NJ 2020: HTTP 503: <!doctype html>
<html lang="en">
  <head>
    <meta charset="utf-8" />
    <meta
      name="viewport"
      content="wi
[assumable] NJ 2020: HTTP 503: <!doctype html>
<html lang="en">
  <head>
    <meta charset="utf-8" />
    <meta
      name="viewport"
      content="wi
[assumable] NJ 2021: HTTP 503: <!doctype html>
<html lang="en">
  <head>
    <meta charset="utf-8" />
    <meta
      name="viewport"
      content="wi
[assumable] NJ 2021: HTTP 503: <!doctype html>
<html lang="en">
  <head>
    <meta charset="utf-8" />
    <meta
      name="viewport"
      content="wi
[assumable] NJ: no data — skipped
[assumable] NM 2019: HTTP 503: <!doctype html>
<html lang="en">
  <head>
    <meta charset="utf-8" />
    <meta
      name="viewport"
      content="wi
[assumable] NM 2019: HTTP 503: <!doctype html>
<html lang="en">
  <head>
    <meta charset="utf-8" />
    <meta
      name="viewport"
      content="wi
[assumable] NM 2020: HTTP 503: <!doctype html>
<html lang="en">
  <head>
    <meta charset="utf-8" />
    <meta
      name="viewport"
      content="wi
[assumable] NM 2020: HTTP 503: <!doctype html>
<html lang="en">
  <head>
    <meta charset="utf-8" />
    <meta
      name="viewport"
      content="wi
[assumable] NM 2021: HTTP 503: <!doctype html>
<html lang="en">
  <head>
    <meta charset="utf-8" />
    <meta
      name="viewport"
      content="wi
[assumable] NM 2021: HTTP 503: <!doctype html>
<html lang="en">
  <head>
    <meta charset="utf-8" />
    <meta
      name="viewport"
      content="wi
[assumable] NM: no data — skipped
[assumable] NY 2019: HTTP 503: <!doctype html>
<html lang="en">
  <head>
    <meta charset="utf-8" />
    <meta
      name="viewport"
      content="wi
[assumable] NY 2019: HTTP 503: <!doctype html>
<html lang="en">
  <head>
    <meta charset="utf-8" />
    <meta
      name="viewport"
      content="wi
[assumable] NY 2020: HTTP 503: <!doctype html>
<html lang="en">
  <head>
    <meta charset="utf-8" />
    <meta
      name="viewport"
      content="wi
[assumable] NY 2020: HTTP 503: <!doctype html>
<html lang="en">
  <head>
    <meta charset="utf-8" />
    <meta
      name="viewport"
      content="wi
[assumable] NY 2021: HTTP 503: <!doctype html>
<html lang="en">
  <head>
    <meta charset="utf-8" />
    <meta
      name="viewport"
      content="wi
[assumable] NY 2021: HTTP 503: <!doctype html>
<html lang="en">
  <head>
    <meta charset="utf-8" />
    <meta
      name="viewport"
      content="wi
[assumable] NY: no data — skipped
[assumable] NC 2019: HTTP 503: <!doctype html>
<html lang="en">
  <head>
    <meta charset="utf-8" />
    <meta
      name="viewport"
      content="wi
[assumable] NC 2019: HTTP 503: <!doctype html>
<html lang="en">
  <head>
    <meta charset="utf-8" />
    <meta
      name="viewport"
      content="wi
[assumable] NC 2020: HTTP 503: <!doctype html>
<html lang="en">
  <head>
    <meta charset="utf-8" />
    <meta
      name="viewport"
      content="wi
[assumable] NC 2020: HTTP 503: <!doctype html>
<html lang="en">
  <head>
    <meta charset="utf-8" />
    <meta
      name="viewport"
      content="wi
[assumable] NC 2021: HTTP 503: <!doctype html>
<html lang="en">
  <head>
    <meta charset="utf-8" />
    <meta
      name="viewport"
      content="wi
[assumable] NC 2021: HTTP 503: <!doctype html>
<html lang="en">
  <head>
    <meta charset="utf-8" />
    <meta
      name="viewport"
      content="wi
[assumable] NC: no data — skipped
[assumable] ND 2019: HTTP 503: <!doctype html>
<html lang="en">
  <head>
    <meta charset="utf-8" />
    <meta
      name="viewport"
      content="wi
[assumable] ND 2019: HTTP 503: <!doctype html>
<html lang="en">
  <head>
    <meta charset="utf-8" />
    <meta
      name="viewport"
      content="wi
[assumable] ND 2020: HTTP 503: <!doctype html>
<html lang="en">
  <head>
    <meta charset="utf-8" />
    <meta
      name="viewport"
      content="wi
[assumable] ND 2020: HTTP 503: <!doctype html>
<html lang="en">
  <head>
    <meta charset="utf-8" />
    <meta
      name="viewport"
      content="wi
[assumable] ND 2021: HTTP 503: <!doctype html>
<html lang="en">
  <head>
    <meta charset="utf-8" />
    <meta
      name="viewport"
      content="wi
[assumable] ND 2021: HTTP 503: <!doctype html>
<html lang="en">
  <head>
    <meta charset="utf-8" />
    <meta
      name="viewport"
      content="wi
[assumable] ND: no data — skipped
[assumable] OH 2019: HTTP 503: <!doctype html>
<html lang="en">
  <head>
    <meta charset="utf-8" />
    <meta
      name="viewport"
      content="wi
[assumable] OH 2019: HTTP 503: <!doctype html>
<html lang="en">
  <head>
    <meta charset="utf-8" />
    <meta
      name="viewport"
      content="wi
[assumable] OH 2020: HTTP 503: <!doctype html>
<html lang="en">
  <head>
    <meta charset="utf-8" />
    <meta
      name="viewport"
      content="wi
[assumable] OH 2020: HTTP 503: <!doctype html>
<html lang="en">
  <head>
    <meta charset="utf-8" />
    <meta
      name="viewport"
      content="wi
[assumable] OH 2021: HTTP 503: <!doctype html>
<html lang="en">
  <head>
    <meta charset="utf-8" />
    <meta
      name="viewport"
      content="wi
[assumable] OH 2021: HTTP 503: <!doctype html>
<html lang="en">
  <head>
    <meta charset="utf-8" />
    <meta
      name="viewport"
      content="wi
[assumable] OH: no data — skipped
[assumable] OK 2019: HTTP 503: <!doctype html>
<html lang="en">
  <head>
    <meta charset="utf-8" />
    <meta
      name="viewport"
      content="wi
[assumable] OK 2019: HTTP 503: <!doctype html>
<html lang="en">
  <head>
    <meta charset="utf-8" />
    <meta
      name="viewport"
      content="wi
[assumable] OK 2020: HTTP 503: <!doctype html>
<html lang="en">
  <head>
    <meta charset="utf-8" />
    <meta
      name="viewport"
      content="wi
[assumable] OK 2020: HTTP 503: <!doctype html>
<html lang="en">
  <head>
    <meta charset="utf-8" />
    <meta
      name="viewport"
      content="wi
[assumable] OK 2021: HTTP 503: <!doctype html>
<html lang="en">
  <head>
    <meta charset="utf-8" />
    <meta
      name="viewport"
      content="wi
[assumable] OK 2021: HTTP 503: <!doctype html>
<html lang="en">
  <head>
    <meta charset="utf-8" />
    <meta
      name="viewport"
      content="wi
[assumable] OK: no data — skipped
[assumable] OR 2019: HTTP 503: <!doctype html>
<html lang="en">
  <head>
    <meta charset="utf-8" />
    <meta
      name="viewport"
      content="wi
[assumable] OR 2019: HTTP 503: <!doctype html>
<html lang="en">
  <head>
    <meta charset="utf-8" />
    <meta
      name="viewport"
      content="wi
[assumable] OR 2020: HTTP 503: <!doctype html>
<html lang="en">
  <head>
    <meta charset="utf-8" />
    <meta
      name="viewport"
      content="wi
[assumable] OR 2020: HTTP 503: <!doctype html>
<html lang="en">
  <head>
    <meta charset="utf-8" />
    <meta
      name="viewport"
      content="wi
[assumable] OR 2021: HTTP 503: <!doctype html>
<html lang="en">
  <head>
    <meta charset="utf-8" />
    <meta
      name="viewport"
      content="wi
[assumable] OR 2021: HTTP 503: <!doctype html>
<html lang="en">
  <head>
    <meta charset="utf-8" />
    <meta
      name="viewport"
      content="wi
[assumable] OR: no data — skipped
[assumable] PA 2019: HTTP 503: <!doctype html>
<html lang="en">
  <head>
    <meta charset="utf-8" />
    <meta
      name="viewport"
      content="wi
[assumable] PA 2019: HTTP 503: <!doctype html>
<html lang="en">
  <head>
    <meta charset="utf-8" />
    <meta
      name="viewport"
      content="wi
[assumable] PA 2020: HTTP 503: <!doctype html>
<html lang="en">
  <head>
    <meta charset="utf-8" />
    <meta
      name="viewport"
      content="wi
[assumable] PA 2020: HTTP 503: <!doctype html>
<html lang="en">
  <head>
    <meta charset="utf-8" />
    <meta
      name="viewport"
      content="wi
[assumable] PA 2021: HTTP 503: <!doctype html>
<html lang="en">
  <head>
    <meta charset="utf-8" />
    <meta
      name="viewport"
      content="wi
[assumable] PA 2021: HTTP 503: <!doctype html>
<html lang="en">
  <head>
    <meta charset="utf-8" />
    <meta
      name="viewport"
      content="wi
[assumable] PA: no data — skipped
[assumable] RI 2019: HTTP 503: <!doctype html>
<html lang="en">
  <head>
    <meta charset="utf-8" />
    <meta
      name="viewport"
      content="wi
[assumable] RI 2019: HTTP 503: <!doctype html>
<html lang="en">
  <head>
    <meta charset="utf-8" />
    <meta
      name="viewport"
      content="wi
[assumable] RI 2020: HTTP 503: <!doctype html>
<html lang="en">
  <head>
    <meta charset="utf-8" />
    <meta
      name="viewport"
      content="wi
[assumable] RI 2020: HTTP 503: <!doctype html>
<html lang="en">
  <head>
    <meta charset="utf-8" />
    <meta
      name="viewport"
      content="wi
[assumable] RI 2021: HTTP 503: <!doctype html>
<html lang="en">
  <head>
    <meta charset="utf-8" />
    <meta
      name="viewport"
      content="wi
[assumable] RI 2021: HTTP 503: <!doctype html>
<html lang="en">
  <head>
    <meta charset="utf-8" />
    <meta
      name="viewport"
      content="wi
[assumable] RI: no data — skipped
[assumable] SC 2019: HTTP 503: <!doctype html>
<html lang="en">
  <head>
    <meta charset="utf-8" />
    <meta
      name="viewport"
      content="wi
[assumable] SC 2019: HTTP 503: <!doctype html>
<html lang="en">
  <head>
    <meta charset="utf-8" />
    <meta
      name="viewport"
      content="wi
[assumable] SC 2020: HTTP 503: <!doctype html>
<html lang="en">
  <head>
    <meta charset="utf-8" />
    <meta
      name="viewport"
      content="wi
[assumable] SC 2020: HTTP 503: <!doctype html>
<html lang="en">
  <head>
    <meta charset="utf-8" />
    <meta
      name="viewport"
      content="wi
[assumable] SC 2021: HTTP 503: <!doctype html>
<html lang="en">
  <head>
    <meta charset="utf-8" />
    <meta
      name="viewport"
      content="wi
[assumable] SC 2021: HTTP 503: <!doctype html>
<html lang="en">
  <head>
    <meta charset="utf-8" />
    <meta
      name="viewport"
      content="wi
[assumable] SC: no data — skipped
[assumable] SD 2019: HTTP 503: <!doctype html>
<html lang="en">
  <head>
    <meta charset="utf-8" />
    <meta
      name="viewport"
      content="wi
[assumable] SD 2019: HTTP 503: <!doctype html>
<html lang="en">
  <head>
    <meta charset="utf-8" />
    <meta
      name="viewport"
      content="wi
[assumable] SD 2020: HTTP 503: <!doctype html>
<html lang="en">
  <head>
    <meta charset="utf-8" />
    <meta
      name="viewport"
      content="wi
[assumable] SD 2020: HTTP 503: <!doctype html>
<html lang="en">
  <head>
    <meta charset="utf-8" />
    <meta
      name="viewport"
      content="wi
[assumable] SD 2021: HTTP 503: <!doctype html>
<html lang="en">
  <head>
    <meta charset="utf-8" />
    <meta
      name="viewport"
      content="wi
[assumable] SD 2021: HTTP 503: <!doctype html>
<html lang="en">
  <head>
    <meta charset="utf-8" />
    <meta
      name="viewport"
      content="wi
[assumable] SD: no data — skipped
[assumable] TN 2019: HTTP 503: <!doctype html>
<html lang="en">
  <head>
    <meta charset="utf-8" />
    <meta
      name="viewport"
      content="wi
[assumable] TN 2019: HTTP 503: <!doctype html>
<html lang="en">
  <head>
    <meta charset="utf-8" />
    <meta
      name="viewport"
      content="wi
[assumable] TN 2020: HTTP 503: <!doctype html>
<html lang="en">
  <head>
    <meta charset="utf-8" />
    <meta
      name="viewport"
      content="wi
[assumable] TN 2020: HTTP 503: <!doctype html>
<html lang="en">
  <head>
    <meta charset="utf-8" />
    <meta
      name="viewport"
      content="wi
[assumable] TN 2021: HTTP 503: <!doctype html>
<html lang="en">
  <head>
    <meta charset="utf-8" />
    <meta
      name="viewport"
      content="wi
[assumable] TN 2021: HTTP 503: <!doctype html>
<html lang="en">
  <head>
    <meta charset="utf-8" />
    <meta
      name="viewport"
      content="wi
[assumable] TN: no data — skipped
[assumable] TX 2019: HTTP 503: <!doctype html>
<html lang="en">
  <head>
    <meta charset="utf-8" />
    <meta
      name="viewport"
      content="wi
[assumable] TX 2019: HTTP 503: <!doctype html>
<html lang="en">
  <head>
    <meta charset="utf-8" />
    <meta
      name="viewport"
      content="wi
[assumable] TX 2020: HTTP 503: <!doctype html>
<html lang="en">
  <head>
    <meta charset="utf-8" />
    <meta
      name="viewport"
      content="wi
[assumable] TX 2020: HTTP 503: <!doctype html>
<html lang="en">
  <head>
    <meta charset="utf-8" />
    <meta
      name="viewport"
      content="wi
[assumable] TX 2021: HTTP 503: <!doctype html>
<html lang="en">
  <head>
    <meta charset="utf-8" />
    <meta
      name="viewport"
      content="wi
[assumable] TX 2021: HTTP 503: <!doctype html>
<html lang="en">
  <head>
    <meta charset="utf-8" />
    <meta
      name="viewport"
      content="wi
[assumable] TX: no data — skipped
[assumable] UT 2019: HTTP 503: <!doctype html>
<html lang="en">
  <head>
    <meta charset="utf-8" />
    <meta
      name="viewport"
      content="wi
[assumable] UT 2019: HTTP 503: <!doctype html>
<html lang="en">
  <head>
    <meta charset="utf-8" />
    <meta
      name="viewport"
      content="wi
[assumable] UT 2020: HTTP 503: <!doctype html>
<html lang="en">
  <head>
    <meta charset="utf-8" />
    <meta
      name="viewport"
      content="wi
[assumable] UT 2020: HTTP 503: <!doctype html>
<html lang="en">
  <head>
    <meta charset="utf-8" />
    <meta
      name="viewport"
      content="wi
[assumable] UT 2021: HTTP 503: <!doctype html>
<html lang="en">
  <head>
    <meta charset="utf-8" />
    <meta
      name="viewport"
      content="wi
[assumable] UT 2021: HTTP 503: <!doctype html>
<html lang="en">
  <head>
    <meta charset="utf-8" />
    <meta
      name="viewport"
      content="wi
[assumable] UT: no data — skipped
[assumable] VT 2019: HTTP 503: <!doctype html>
<html lang="en">
  <head>
    <meta charset="utf-8" />
    <meta
      name="viewport"
      content="wi
[assumable] VT 2019: HTTP 503: <!doctype html>
<html lang="en">
  <head>
    <meta charset="utf-8" />
    <meta
      name="viewport"
      content="wi
[assumable] VT 2020: HTTP 503: <!doctype html>
<html lang="en">
  <head>
    <meta charset="utf-8" />
    <meta
      name="viewport"
      content="wi
[assumable] VT 2020: HTTP 503: <!doctype html>
<html lang="en">
  <head>
    <meta charset="utf-8" />
    <meta
      name="viewport"
      content="wi
[assumable] VT 2021: HTTP 503: <!doctype html>
<html lang="en">
  <head>
    <meta charset="utf-8" />
    <meta
      name="viewport"
      content="wi
[assumable] VT 2021: HTTP 503: <!doctype html>
<html lang="en">
  <head>
    <meta charset="utf-8" />
    <meta
      name="viewport"
      content="wi
[assumable] VT: no data — skipped
[assumable] VA 2019: HTTP 503: <!doctype html>
<html lang="en">
  <head>
    <meta charset="utf-8" />
    <meta
      name="viewport"
      content="wi
[assumable] VA 2019: HTTP 503: <!doctype html>
<html lang="en">
  <head>
    <meta charset="utf-8" />
    <meta
      name="viewport"
      content="wi
[assumable] VA 2020: HTTP 503: <!doctype html>
<html lang="en">
  <head>
    <meta charset="utf-8" />
    <meta
      name="viewport"
      content="wi
[assumable] VA 2020: HTTP 503: <!doctype html>
<html lang="en">
  <head>
    <meta charset="utf-8" />
    <meta
      name="viewport"
      content="wi
[assumable] VA 2021: HTTP 503: <!doctype html>
<html lang="en">
  <head>
    <meta charset="utf-8" />
    <meta
      name="viewport"
      content="wi
[assumable] VA 2021: HTTP 503: <!doctype html>
<html lang="en">
  <head>
    <meta charset="utf-8" />
    <meta
      name="viewport"
      content="wi
[assumable] VA: no data — skipped
[assumable] WA 2019: HTTP 503: <!doctype html>
<html lang="en">
  <head>
    <meta charset="utf-8" />
    <meta
      name="viewport"
      content="wi
[assumable] WA 2019: HTTP 503: <!doctype html>
<html lang="en">
  <head>
    <meta charset="utf-8" />
    <meta
      name="viewport"
      content="wi
[assumable] WA 2020: HTTP 503: <!doctype html>
<html lang="en">
  <head>
    <meta charset="utf-8" />
    <meta
      name="viewport"
      content="wi
[assumable] WA 2020: HTTP 503: <!doctype html>
<html lang="en">
  <head>
    <meta charset="utf-8" />
    <meta
      name="viewport"
      content="wi
[assumable] WA 2021: HTTP 503: <!doctype html>
<html lang="en">
  <head>
    <meta charset="utf-8" />
    <meta
      name="viewport"
      content="wi
[assumable] WA 2021: HTTP 503: <!doctype html>
<html lang="en">
  <head>
    <meta charset="utf-8" />
    <meta
      name="viewport"
      content="wi
[assumable] WA: no data — skipped
[assumable] WV 2019: HTTP 503: <!doctype html>
<html lang="en">
  <head>
    <meta charset="utf-8" />
    <meta
      name="viewport"
      content="wi
[assumable] WV 2019: HTTP 503: <!doctype html>
<html lang="en">
  <head>
    <meta charset="utf-8" />
    <meta
      name="viewport"
      content="wi
[assumable] WV 2020: HTTP 503: <!doctype html>
<html lang="en">
  <head>
    <meta charset="utf-8" />
    <meta
      name="viewport"
      content="wi
[assumable] WV 2020: HTTP 503: <!doctype html>
<html lang="en">
  <head>
    <meta charset="utf-8" />
    <meta
      name="viewport"
      content="wi
[assumable] WV 2021: HTTP 503: <!doctype html>
<html lang="en">
  <head>
    <meta charset="utf-8" />
    <meta
      name="viewport"
      content="wi
[assumable] WV 2021: HTTP 503: <!doctype html>
<html lang="en">
  <head>
    <meta charset="utf-8" />
    <meta
      name="viewport"
      content="wi
[assumable] WV: no data — skipped
[assumable] WI 2019: HTTP 503: <!doctype html>
<html lang="en">
  <head>
    <meta charset="utf-8" />
    <meta
      name="viewport"
      content="wi
[assumable] WI 2019: HTTP 503: <!doctype html>
<html lang="en">
  <head>
    <meta charset="utf-8" />
    <meta
      name="viewport"
      content="wi
[assumable] WI 2020: HTTP 503: <!doctype html>
<html lang="en">
  <head>
    <meta charset="utf-8" />
    <meta
      name="viewport"
      content="wi
[assumable] WI 2020: HTTP 503: <!doctype html>
<html lang="en">
  <head>
    <meta charset="utf-8" />
    <meta
      name="viewport"
      content="wi
[assumable] WI 2021: HTTP 503: <!doctype html>
<html lang="en">
  <head>
    <meta charset="utf-8" />
    <meta
      name="viewport"
      content="wi
[assumable] WI 2021: HTTP 503: <!doctype html>
<html lang="en">
  <head>
    <meta charset="utf-8" />
    <meta
      name="viewport"
      content="wi
[assumable] WI: no data — skipped
[error] only 0 metro rows — API shape likely changed; see logged responses
